Archive member included because of file (symbol)

/usr/lib/gcc/avr/4.8.2/avr6/libgcc.a(_exit.o)
                              /usr/lib/gcc/avr/4.8.2/../../../../avr/lib/avr6/crtm2560.o (exit)
/usr/lib/gcc/avr/4.8.2/avr6/libgcc.a(_tablejump.o)
                              protocol.o (__tablejump2__)
/usr/lib/gcc/avr/4.8.2/avr6/libgcc.a(_copy_data.o)
                              main.o (__do_copy_data)
/usr/lib/gcc/avr/4.8.2/avr6/libgcc.a(_clear_bss.o)
                              main.o (__do_clear_bss)
/usr/lib/gcc/avr/4.8.2/../../../../avr/lib/avr6/libc.a(memcpy.o)
                              ../../FreeRTOS/Source/queue.o (memcpy)
/usr/lib/gcc/avr/4.8.2/../../../../avr/lib/avr6/libc.a(memset.o)
                              main.o (memset)
/usr/lib/gcc/avr/4.8.2/../../../../avr/lib/avr6/libc.a(strncpy.o)
                              ../../FreeRTOS/Source/tasks.o (strncpy)
/usr/lib/gcc/avr/4.8.2/../../../../avr/lib/avr6/libc.a(itoa.o)
                              main.o (itoa)
/usr/lib/gcc/avr/4.8.2/../../../../avr/lib/avr6/libc.a(strrev.o)
                              /usr/lib/gcc/avr/4.8.2/../../../../avr/lib/avr6/libc.a(itoa.o) (strrev)
/usr/lib/gcc/avr/4.8.2/avr6/libgcc.a(_udivmodhi4.o)
                              /usr/lib/gcc/avr/4.8.2/../../../../avr/lib/avr6/libc.a(itoa.o) (__udivmodhi4)

Allocating common symbols
Common symbol       size              file

USART_ReadQueue     0x2               usart.o
sonarTime           0x2               main.o
USART_WriteQueueLog
                    0x2               usart.o
sonarSemaphore      0x2               Components/Sonar/Sonar.o
sonarDataMutex      0xc               Components/Sonar/Sonar.o
USART_WriteQueue    0x2               usart.o

Memory Configuration

Name             Origin             Length             Attributes
text             0x0000000000000000 0x0000000000100000 xr
data             0x0000000000800200 0x000000000000fe00 rw !x
eeprom           0x0000000000810000 0x0000000000010000 rw !x
fuse             0x0000000000820000 0x0000000000000400 rw !x
lock             0x0000000000830000 0x0000000000000400 rw !x
signature        0x0000000000840000 0x0000000000000400 rw !x
*default*        0x0000000000000000 0xffffffffffffffff

Linker script and memory map

Address of section .data set to 0x800200
LOAD /usr/lib/gcc/avr/4.8.2/../../../../avr/lib/avr6/crtm2560.o
LOAD main.o
LOAD ../../FreeRTOS/Source/tasks.o
LOAD ../../FreeRTOS/Source/queue.o
LOAD ../../FreeRTOS/Source/list.o
LOAD ../../FreeRTOS/Source/croutine.o
LOAD ../../FreeRTOS/Source/heap_1.o
LOAD ../../FreeRTOS/Source/port.o
LOAD usart.o
LOAD protocol.o
LOAD Components/Battery/Battery.o
LOAD Components/Brake/Brake.o
LOAD Components/Error/Error.o
LOAD Components/FNR/FNR.o
LOAD Components/Lights/Lights.o
LOAD Components/Sonar/Sonar.o
LOAD Components/Speed/Speed.o
LOAD Components/Steering/Steering.o
LOAD spi.o
LOAD ADC.o
LOAD /usr/lib/gcc/avr/4.8.2/../../../../avr/lib/avr6/libm.a
START GROUP
LOAD /usr/lib/gcc/avr/4.8.2/avr6/libgcc.a
LOAD /usr/lib/gcc/avr/4.8.2/../../../../avr/lib/avr6/libm.a
LOAD /usr/lib/gcc/avr/4.8.2/../../../../avr/lib/avr6/libc.a
END GROUP

.hash
 *(.hash)

.dynsym
 *(.dynsym)

.dynstr
 *(.dynstr)

.gnu.version
 *(.gnu.version)

.gnu.version_d
 *(.gnu.version_d)

.gnu.version_r
 *(.gnu.version_r)

.rel.init
 *(.rel.init)

.rela.init
 *(.rela.init)

.rel.text
 *(.rel.text)
 *(.rel.text.*)
 *(.rel.gnu.linkonce.t*)

.rela.text
 *(.rela.text)
 *(.rela.text.*)
 *(.rela.gnu.linkonce.t*)

.rel.fini
 *(.rel.fini)

.rela.fini
 *(.rela.fini)

.rel.rodata
 *(.rel.rodata)
 *(.rel.rodata.*)
 *(.rel.gnu.linkonce.r*)

.rela.rodata
 *(.rela.rodata)
 *(.rela.rodata.*)
 *(.rela.gnu.linkonce.r*)

.rel.data
 *(.rel.data)
 *(.rel.data.*)
 *(.rel.gnu.linkonce.d*)

.rela.data
 *(.rela.data)
 *(.rela.data.*)
 *(.rela.gnu.linkonce.d*)

.rel.ctors
 *(.rel.ctors)

.rela.ctors
 *(.rela.ctors)

.rel.dtors
 *(.rel.dtors)

.rela.dtors
 *(.rela.dtors)

.rel.got
 *(.rel.got)

.rela.got
 *(.rela.got)

.rel.bss
 *(.rel.bss)

.rela.bss
 *(.rela.bss)

.rel.plt
 *(.rel.plt)

.rela.plt
 *(.rela.plt)

.text           0x0000000000000000     0x4ffc
 *(.vectors)
 .vectors       0x0000000000000000       0xe4 /usr/lib/gcc/avr/4.8.2/../../../../avr/lib/avr6/crtm2560.o
                0x0000000000000000                __vectors
                0x0000000000000000                __vector_default
 *(.vectors)
 *(.progmem.gcc*)
 .progmem.gcc_sw_table
                0x00000000000000e4       0x10 protocol.o
                0x00000000000000f4                . = ALIGN (0x2)
                0x00000000000000f4                __trampolines_start = .
 *(.trampolines)
 .trampolines   0x00000000000000f4       0x2c linker stubs
 *(.trampolines*)
                0x0000000000000120                __trampolines_end = .
 *(.progmem*)
                0x0000000000000120                . = ALIGN (0x2)
 *(.jumptables)
 *(.jumptables*)
 *(.lowtext)
 *(.lowtext*)
                0x0000000000000120                __ctors_start = .
 *(.ctors)
                0x0000000000000120                __ctors_end = .
                0x0000000000000120                __dtors_start = .
 *(.dtors)
                0x0000000000000120                __dtors_end = .
 SORT(*)(.ctors)
 SORT(*)(.dtors)
 *(.init0)
 .init0         0x0000000000000120        0x0 /usr/lib/gcc/avr/4.8.2/../../../../avr/lib/avr6/crtm2560.o
                0x0000000000000120                __init
 *(.init0)
 *(.init1)
 *(.init1)
 *(.init2)
 .init2         0x0000000000000120       0x10 /usr/lib/gcc/avr/4.8.2/../../../../avr/lib/avr6/crtm2560.o
 *(.init2)
 *(.init3)
 *(.init3)
 *(.init4)
 .init4         0x0000000000000130       0x1a /usr/lib/gcc/avr/4.8.2/avr6/libgcc.a(_copy_data.o)
                0x0000000000000130                __do_copy_data
 .init4         0x000000000000014a       0x10 /usr/lib/gcc/avr/4.8.2/avr6/libgcc.a(_clear_bss.o)
                0x000000000000014a                __do_clear_bss
 *(.init4)
 *(.init5)
 *(.init5)
 *(.init6)
 *(.init6)
 *(.init7)
 *(.init7)
 *(.init8)
 *(.init8)
 *(.init9)
 .init9         0x000000000000015a        0x8 /usr/lib/gcc/avr/4.8.2/../../../../avr/lib/avr6/crtm2560.o
 *(.init9)
 *(.text)
 .text          0x0000000000000162        0x4 /usr/lib/gcc/avr/4.8.2/../../../../avr/lib/avr6/crtm2560.o
                0x0000000000000162                __vector_38
                0x0000000000000162                __vector_22
                0x0000000000000162                __vector_28
                0x0000000000000162                __vector_1
                0x0000000000000162                __vector_34
                0x0000000000000162                __vector_24
                0x0000000000000162                __vector_12
                0x0000000000000162                __vector_55
                0x0000000000000162                __vector_46
                0x0000000000000162                __bad_interrupt
                0x0000000000000162                __vector_6
                0x0000000000000162                __vector_31
                0x0000000000000162                __vector_35
                0x0000000000000162                __vector_39
                0x0000000000000162                __vector_3
                0x0000000000000162                __vector_23
                0x0000000000000162                __vector_30
                0x0000000000000162                __vector_45
                0x0000000000000162                __vector_25
                0x0000000000000162                __vector_54
                0x0000000000000162                __vector_13
                0x0000000000000162                __vector_17
                0x0000000000000162                __vector_19
                0x0000000000000162                __vector_56
                0x0000000000000162                __vector_7
                0x0000000000000162                __vector_49
                0x0000000000000162                __vector_41
                0x0000000000000162                __vector_43
                0x0000000000000162                __vector_27
                0x0000000000000162                __vector_5
                0x0000000000000162                __vector_33
                0x0000000000000162                __vector_47
                0x0000000000000162                __vector_52
                0x0000000000000162                __vector_37
                0x0000000000000162                __vector_4
                0x0000000000000162                __vector_44
                0x0000000000000162                __vector_51
                0x0000000000000162                __vector_9
                0x0000000000000162                __vector_2
                0x0000000000000162                __vector_21
                0x0000000000000162                __vector_15
                0x0000000000000162                __vector_40
                0x0000000000000162                __vector_8
                0x0000000000000162                __vector_26
                0x0000000000000162                __vector_48
                0x0000000000000162                __vector_14
                0x0000000000000162                __vector_53
                0x0000000000000162                __vector_10
                0x0000000000000162                __vector_16
                0x0000000000000162                __vector_18
                0x0000000000000162                __vector_20
                0x0000000000000162                __vector_42
 .text          0x0000000000000166      0x560 main.o
                0x0000000000000166                vApplicationTickHook
                0x0000000000000186                vApplicationStackOverflowHook
                0x0000000000000196                main
                0x00000000000002d0                printHex
                0x0000000000000390                printNum
                0x000000000000040a                __vector_50
                0x0000000000000474                getTimerCount2
                0x000000000000048e                potValue
                0x0000000000000536                vTaskFunction_1
                0x000000000000061a                vTaskFunction_2
                0x0000000000000648                vTaskPot
                0x00000000000006a6                vIO_init
 .text          0x00000000000006c6     0x12b6 ../../FreeRTOS/Source/tasks.o
                0x00000000000006c6                xTaskGenericCreate
                0x00000000000008ae                vTaskDelayUntil
                0x00000000000009a0                vTaskDelay
                0x0000000000000a0a                vTaskSuspend
                0x0000000000000ac4                xTaskIsTaskSuspended
                0x0000000000000b28                vTaskResume
                0x0000000000000bf6                xTaskResumeFromISR
                0x0000000000000cc4                vTaskStartScheduler
                0x0000000000000d30                vTaskEndScheduler
                0x0000000000000d48                vTaskSuspendAll
                0x0000000000000d60                xTaskResumeAll
                0x0000000000000e68                xTaskGetTickCount
                0x0000000000000e98                xTaskGetTickCountFromISR
                0x0000000000000ec0                uxTaskGetNumberOfTasks
                0x0000000000000ed2                vTaskIncrementTick
                0x000000000000108c                vTaskSwitchContext
                0x00000000000011a6                vTaskPlaceOnEventList
                0x0000000000001230                xTaskRemoveFromEventList
                0x0000000000001304                vTaskSetTimeOutState
                0x000000000000133c                xTaskCheckForTimeOut
                0x000000000000141a                vTaskMissedYield
                0x000000000000170c                uxTaskGetStackHighWaterMark
                0x000000000000176a                xTaskGetCurrentTaskHandle
                0x0000000000001790                vTaskPriorityInherit
                0x00000000000018b0                vTaskPriorityDisinherit
 .text          0x000000000000197c      0xb5a ../../FreeRTOS/Source/queue.o
                0x000000000000197c                xQueueGenericReset
                0x0000000000001a90                xQueueGenericCreate
                0x0000000000001b52                xQueueCreateMutex
                0x0000000000001bfe                xQueueGenericSend
                0x0000000000001d46                xQueueGenericSendFromISR
                0x0000000000001df8                xQueueGenericReceive
                0x0000000000001fd2                xQueueReceiveFromISR
                0x000000000000208c                uxQueueMessagesWaiting
                0x00000000000020bc                uxQueueMessagesWaitingFromISR
                0x00000000000020e2                vQueueDelete
                0x0000000000002432                xQueueIsQueueEmptyFromISR
                0x00000000000024a0                xQueueIsQueueFullFromISR
 .text          0x00000000000024d6      0x2de ../../FreeRTOS/Source/list.o
                0x00000000000024d6                vListInitialise
                0x0000000000002542                vListInitialiseItem
                0x0000000000002566                vListInsertEnd
                0x0000000000002614                vListInsert
                0x0000000000002706                uxListRemove
 .text          0x00000000000027b4      0x5f0 ../../FreeRTOS/Source/croutine.o
                0x00000000000027b4                xCoRoutineCreate
                0x00000000000028ec                vCoRoutineAddToDelayedList
                0x0000000000002bb8                vCoRoutineSchedule
                0x0000000000002d32                xCoRoutineRemoveFromEventList
 .text          0x0000000000002da4       0xde ../../FreeRTOS/Source/heap_1.o
                0x0000000000002da4                pvPortMalloc
                0x0000000000002e30                vPortFree
                0x0000000000002e4a                vPortInitialiseBlocks
                0x0000000000002e60                xPortGetFreeHeapSize
 .text          0x0000000000002e82      0x656 ../../FreeRTOS/Source/port.o
                0x0000000000002e82                pxPortInitialiseStack
                0x000000000000320a                xPortStartScheduler
                0x000000000000327c                vPortEndScheduler
                0x000000000000328a                vPortYield
                0x000000000000334c                vPortYieldFromTick
                0x00000000000034d2                __vector_32
 .text          0x00000000000034d8      0x76a usart.o
                0x00000000000034d8                USART_Init
                0x000000000000355e                USART_Write
                0x0000000000003592                USART_Write_Unprotected
                0x00000000000035c6                USART_Read
                0x00000000000035ea                __vector_36
                0x0000000000003638                USART_AddToQueue
                0x0000000000003664                USART_TransmitString
                0x00000000000036a2                vTaskUSARTWrite
                0x00000000000036ea                USART_LogChar
                0x0000000000003716                USART_LogString
                0x0000000000003754                vTaskUSARTLog
                0x000000000000379c                USART_GetChar
                0x00000000000037d0                delay
                0x000000000000380c                sendACK
                0x0000000000003820                sendNACK
                0x0000000000003834                recievePayload
                0x0000000000003962                vTaskUSARTRead
                0x0000000000003a68                sendResponse
                0x0000000000003b8e                waitForAck
                0x0000000000003be2                calcChecksum
 .text          0x0000000000003c42      0x448 protocol.o
                0x0000000000003c42                commandIntegCheck
                0x0000000000003c5e                processUltrasonicCommand
                0x0000000000003cee                processSpeedCommand
                0x0000000000003d52                processSteeringCommand
                0x0000000000003e34                processFNRCommand
                0x0000000000003e96                processBrakeCommand
                0x0000000000003ef0                processBatteryCommand
                0x0000000000003f40                processLightCommand
                0x0000000000003f90                processCommand
 .text          0x000000000000408a       0x48 Components/Battery/Battery.o
                0x000000000000408a                getBatteryVoltage
                0x00000000000040ae                getSteeringVoltage
 .text          0x00000000000040d2       0x3a Components/Brake/Brake.o
                0x00000000000040d2                setBrake
                0x00000000000040e8                getBrake
 .text          0x000000000000410c        0x0 Components/Error/Error.o
 .text          0x000000000000410c      0x194 Components/FNR/FNR.o
                0x000000000000410c                FNRForward
                0x000000000000416e                FNRReverse
                0x00000000000041d0                FNRNeutral
                0x0000000000004244                setFNR
                0x000000000000427c                getFNR
 .text          0x00000000000042a0       0x42 Components/Lights/Lights.o
                0x00000000000042a0                setLight
 .text          0x00000000000042e2      0x366 Components/Sonar/Sonar.o
                0x00000000000042e2                setSonarData
                0x000000000000431a                getSonarData
                0x0000000000004346                getTimerCount
                0x000000000000435c                __vector_11
                0x000000000000443a                sonarADCHandler
                0x0000000000004470                initializeSonarSensors
                0x00000000000044ba                vTaskSonar
                0x00000000000044d8                getAllSensors
                0x000000000000452e                getCertainSensor
                0x0000000000004580                getSensorGroup
 .text          0x0000000000004648       0xe6 Components/Speed/Speed.o
                0x0000000000004648                initSpeedController
                0x000000000000465e                setPot
                0x0000000000004692                decrementPot
                0x00000000000046a8                incrementPot
                0x00000000000046be                getSpeed
                0x00000000000046e2                setSpeed
 .text          0x000000000000472e       0x98 Components/Steering/Steering.o
                0x000000000000472e                setAngle
                0x0000000000004744                getAngle
                0x0000000000004768                getDesiredAngle
                0x000000000000478c                changePID
                0x00000000000047aa                setLimits
 .text          0x00000000000047c6      0x21c spi.o
                0x00000000000047c6                initializeSPI
                0x00000000000048a6                SPIsendByte
                0x0000000000004932                SPIsendShort
 .text          0x00000000000049e2      0x542 ADC.o
                0x00000000000049e2                initADC
                0x0000000000004a0e                ADCStart
                0x0000000000004b5e                __vector_29
                0x0000000000004c78                vTaskADC
                0x0000000000004da0                addADCDevice
 .text          0x0000000000004f24        0x0 /usr/lib/gcc/avr/4.8.2/avr6/libgcc.a(_exit.o)
 .text          0x0000000000004f24        0x0 /usr/lib/gcc/avr/4.8.2/avr6/libgcc.a(_tablejump.o)
 .text          0x0000000000004f24        0x0 /usr/lib/gcc/avr/4.8.2/avr6/libgcc.a(_copy_data.o)
 .text          0x0000000000004f24        0x0 /usr/lib/gcc/avr/4.8.2/avr6/libgcc.a(_clear_bss.o)
 .text          0x0000000000004f24        0x0 /usr/lib/gcc/avr/4.8.2/../../../../avr/lib/avr6/libc.a(memcpy.o)
 .text          0x0000000000004f24        0x0 /usr/lib/gcc/avr/4.8.2/../../../../avr/lib/avr6/libc.a(memset.o)
 .text          0x0000000000004f24        0x0 /usr/lib/gcc/avr/4.8.2/../../../../avr/lib/avr6/libc.a(strncpy.o)
 .text          0x0000000000004f24        0x0 /usr/lib/gcc/avr/4.8.2/../../../../avr/lib/avr6/libc.a(itoa.o)
 .text          0x0000000000004f24        0x0 /usr/lib/gcc/avr/4.8.2/../../../../avr/lib/avr6/libc.a(strrev.o)
 .text          0x0000000000004f24        0x0 /usr/lib/gcc/avr/4.8.2/avr6/libgcc.a(_udivmodhi4.o)
                0x0000000000004f24                . = ALIGN (0x2)
 *(.text.*)
 .text.libgcc.mul
                0x0000000000004f24        0x0 /usr/lib/gcc/avr/4.8.2/avr6/libgcc.a(_exit.o)
 .text.libgcc.div
                0x0000000000004f24        0x0 /usr/lib/gcc/avr/4.8.2/avr6/libgcc.a(_exit.o)
 .text.libgcc   0x0000000000004f24        0x0 /usr/lib/gcc/avr/4.8.2/avr6/libgcc.a(_exit.o)
 .text.libgcc.prologue
                0x0000000000004f24        0x0 /usr/lib/gcc/avr/4.8.2/avr6/libgcc.a(_exit.o)
 .text.libgcc.builtins
                0x0000000000004f24        0x0 /usr/lib/gcc/avr/4.8.2/avr6/libgcc.a(_exit.o)
 .text.libgcc.fmul
                0x0000000000004f24        0x0 /usr/lib/gcc/avr/4.8.2/avr6/libgcc.a(_exit.o)
 .text.libgcc.fixed
                0x0000000000004f24        0x0 /usr/lib/gcc/avr/4.8.2/avr6/libgcc.a(_exit.o)
 .text.libgcc.mul
                0x0000000000004f24        0x0 /usr/lib/gcc/avr/4.8.2/avr6/libgcc.a(_tablejump.o)
 .text.libgcc.div
                0x0000000000004f24        0x0 /usr/lib/gcc/avr/4.8.2/avr6/libgcc.a(_tablejump.o)
 .text.libgcc   0x0000000000004f24        0xc /usr/lib/gcc/avr/4.8.2/avr6/libgcc.a(_tablejump.o)
                0x0000000000004f24                __tablejump2__
                0x0000000000004f28                __tablejump__
 .text.libgcc.prologue
                0x0000000000004f30        0x0 /usr/lib/gcc/avr/4.8.2/avr6/libgcc.a(_tablejump.o)
 .text.libgcc.builtins
                0x0000000000004f30        0x0 /usr/lib/gcc/avr/4.8.2/avr6/libgcc.a(_tablejump.o)
 .text.libgcc.fmul
                0x0000000000004f30        0x0 /usr/lib/gcc/avr/4.8.2/avr6/libgcc.a(_tablejump.o)
 .text.libgcc.fixed
                0x0000000000004f30        0x0 /usr/lib/gcc/avr/4.8.2/avr6/libgcc.a(_tablejump.o)
 .text.libgcc.mul
                0x0000000000004f30        0x0 /usr/lib/gcc/avr/4.8.2/avr6/libgcc.a(_copy_data.o)
 .text.libgcc.div
                0x0000000000004f30        0x0 /usr/lib/gcc/avr/4.8.2/avr6/libgcc.a(_copy_data.o)
 .text.libgcc   0x0000000000004f30        0x0 /usr/lib/gcc/avr/4.8.2/avr6/libgcc.a(_copy_data.o)
 .text.libgcc.prologue
                0x0000000000004f30        0x0 /usr/lib/gcc/avr/4.8.2/avr6/libgcc.a(_copy_data.o)
 .text.libgcc.builtins
                0x0000000000004f30        0x0 /usr/lib/gcc/avr/4.8.2/avr6/libgcc.a(_copy_data.o)
 .text.libgcc.fmul
                0x0000000000004f30        0x0 /usr/lib/gcc/avr/4.8.2/avr6/libgcc.a(_copy_data.o)
 .text.libgcc.fixed
                0x0000000000004f30        0x0 /usr/lib/gcc/avr/4.8.2/avr6/libgcc.a(_copy_data.o)
 .text.libgcc.mul
                0x0000000000004f30        0x0 /usr/lib/gcc/avr/4.8.2/avr6/libgcc.a(_clear_bss.o)
 .text.libgcc.div
                0x0000000000004f30        0x0 /usr/lib/gcc/avr/4.8.2/avr6/libgcc.a(_clear_bss.o)
 .text.libgcc   0x0000000000004f30        0x0 /usr/lib/gcc/avr/4.8.2/avr6/libgcc.a(_clear_bss.o)
 .text.libgcc.prologue
                0x0000000000004f30        0x0 /usr/lib/gcc/avr/4.8.2/avr6/libgcc.a(_clear_bss.o)
 .text.libgcc.builtins
                0x0000000000004f30        0x0 /usr/lib/gcc/avr/4.8.2/avr6/libgcc.a(_clear_bss.o)
 .text.libgcc.fmul
                0x0000000000004f30        0x0 /usr/lib/gcc/avr/4.8.2/avr6/libgcc.a(_clear_bss.o)
 .text.libgcc.fixed
                0x0000000000004f30        0x0 /usr/lib/gcc/avr/4.8.2/avr6/libgcc.a(_clear_bss.o)
 .text.avr-libc
                0x0000000000004f30       0x12 /usr/lib/gcc/avr/4.8.2/../../../../avr/lib/avr6/libc.a(memcpy.o)
                0x0000000000004f30                memcpy
 .text.avr-libc
                0x0000000000004f42        0xe /usr/lib/gcc/avr/4.8.2/../../../../avr/lib/avr6/libc.a(memset.o)
                0x0000000000004f42                memset
 .text.avr-libc
                0x0000000000004f50       0x1e /usr/lib/gcc/avr/4.8.2/../../../../avr/lib/avr6/libc.a(strncpy.o)
                0x0000000000004f50                strncpy
 .text.avr-libc
                0x0000000000004f6e       0x42 /usr/lib/gcc/avr/4.8.2/../../../../avr/lib/avr6/libc.a(itoa.o)
                0x0000000000004f6e                itoa
 .text.avr-libc
                0x0000000000004fb0       0x20 /usr/lib/gcc/avr/4.8.2/../../../../avr/lib/avr6/libc.a(strrev.o)
                0x0000000000004fb0                strrev
 .text.libgcc.mul
                0x0000000000004fd0        0x0 /usr/lib/gcc/avr/4.8.2/avr6/libgcc.a(_udivmodhi4.o)
 .text.libgcc.div
                0x0000000000004fd0       0x28 /usr/lib/gcc/avr/4.8.2/avr6/libgcc.a(_udivmodhi4.o)
                0x0000000000004fd0                __udivmodhi4
 .text.libgcc   0x0000000000004ff8        0x0 /usr/lib/gcc/avr/4.8.2/avr6/libgcc.a(_udivmodhi4.o)
 .text.libgcc.prologue
                0x0000000000004ff8        0x0 /usr/lib/gcc/avr/4.8.2/avr6/libgcc.a(_udivmodhi4.o)
 .text.libgcc.builtins
                0x0000000000004ff8        0x0 /usr/lib/gcc/avr/4.8.2/avr6/libgcc.a(_udivmodhi4.o)
 .text.libgcc.fmul
                0x0000000000004ff8        0x0 /usr/lib/gcc/avr/4.8.2/avr6/libgcc.a(_udivmodhi4.o)
 .text.libgcc.fixed
                0x0000000000004ff8        0x0 /usr/lib/gcc/avr/4.8.2/avr6/libgcc.a(_udivmodhi4.o)
                0x0000000000004ff8                . = ALIGN (0x2)
 *(.fini9)
 .fini9         0x0000000000004ff8        0x0 /usr/lib/gcc/avr/4.8.2/avr6/libgcc.a(_exit.o)
                0x0000000000004ff8                exit
                0x0000000000004ff8                _exit
 *(.fini9)
 *(.fini8)
 *(.fini8)
 *(.fini7)
 *(.fini7)
 *(.fini6)
 *(.fini6)
 *(.fini5)
 *(.fini5)
 *(.fini4)
 *(.fini4)
 *(.fini3)
 *(.fini3)
 *(.fini2)
 *(.fini2)
 *(.fini1)
 *(.fini1)
 *(.fini0)
 .fini0         0x0000000000004ff8        0x4 /usr/lib/gcc/avr/4.8.2/avr6/libgcc.a(_exit.o)
 *(.fini0)
                0x0000000000004ffc                _etext = .

.data           0x0000000000800200       0x30 load address 0x0000000000004ffc
                0x0000000000800200                PROVIDE (__data_start, .)
 *(.data)
 .data          0x0000000000800200        0x0 /usr/lib/gcc/avr/4.8.2/../../../../avr/lib/avr6/crtm2560.o
 .data          0x0000000000800200        0x0 main.o
 .data          0x0000000000800200        0x2 ../../FreeRTOS/Source/tasks.o
 .data          0x0000000000800202        0x0 ../../FreeRTOS/Source/queue.o
 .data          0x0000000000800202        0x0 ../../FreeRTOS/Source/list.o
 .data          0x0000000000800202        0x0 ../../FreeRTOS/Source/croutine.o
 .data          0x0000000000800202        0x0 ../../FreeRTOS/Source/heap_1.o
 .data          0x0000000000800202        0x0 ../../FreeRTOS/Source/port.o
 .data          0x0000000000800202        0x0 usart.o
 .data          0x0000000000800202        0x0 protocol.o
 .data          0x0000000000800202        0x0 Components/Battery/Battery.o
 .data          0x0000000000800202        0x0 Components/Brake/Brake.o
 .data          0x0000000000800202        0x0 Components/Error/Error.o
 .data          0x0000000000800202        0x0 Components/FNR/FNR.o
 .data          0x0000000000800202        0x0 Components/Lights/Lights.o
 .data          0x0000000000800202        0x4 Components/Sonar/Sonar.o
 .data          0x0000000000800206        0x0 Components/Speed/Speed.o
 .data          0x0000000000800206        0x0 Components/Steering/Steering.o
 .data          0x0000000000800206        0x0 spi.o
 .data          0x0000000000800206        0x0 ADC.o
 .data          0x0000000000800206        0x0 /usr/lib/gcc/avr/4.8.2/avr6/libgcc.a(_exit.o)
 .data          0x0000000000800206        0x0 /usr/lib/gcc/avr/4.8.2/avr6/libgcc.a(_tablejump.o)
 .data          0x0000000000800206        0x0 /usr/lib/gcc/avr/4.8.2/avr6/libgcc.a(_copy_data.o)
 .data          0x0000000000800206        0x0 /usr/lib/gcc/avr/4.8.2/avr6/libgcc.a(_clear_bss.o)
 .data          0x0000000000800206        0x0 /usr/lib/gcc/avr/4.8.2/../../../../avr/lib/avr6/libc.a(memcpy.o)
 .data          0x0000000000800206        0x0 /usr/lib/gcc/avr/4.8.2/../../../../avr/lib/avr6/libc.a(memset.o)
 .data          0x0000000000800206        0x0 /usr/lib/gcc/avr/4.8.2/../../../../avr/lib/avr6/libc.a(strncpy.o)
 .data          0x0000000000800206        0x0 /usr/lib/gcc/avr/4.8.2/../../../../avr/lib/avr6/libc.a(itoa.o)
 .data          0x0000000000800206        0x0 /usr/lib/gcc/avr/4.8.2/../../../../avr/lib/avr6/libc.a(strrev.o)
 .data          0x0000000000800206        0x0 /usr/lib/gcc/avr/4.8.2/avr6/libgcc.a(_udivmodhi4.o)
 *(.data*)
 *(.rodata)
 .rodata        0x0000000000800206       0x1c main.o
 .rodata        0x0000000000800222        0x5 ../../FreeRTOS/Source/tasks.o
 .rodata        0x0000000000800227        0x8 spi.o
 *(.rodata*)
 *(.gnu.linkonce.d*)
                0x0000000000800230                . = ALIGN (0x2)
 *fill*         0x000000000080022f        0x1 
                0x0000000000800230                _edata = .
                0x0000000000800230                PROVIDE (__data_end, .)

.bss            0x0000000000800230     0x1943
                0x0000000000800230                PROVIDE (__bss_start, .)
 *(.bss)
 .bss           0x0000000000800230        0x0 /usr/lib/gcc/avr/4.8.2/../../../../avr/lib/avr6/crtm2560.o
 .bss           0x0000000000800230        0x2 main.o
                0x0000000000800230                count
 .bss           0x0000000000800232       0x59 ../../FreeRTOS/Source/tasks.o
                0x0000000000800232                pxCurrentTCB
 .bss           0x000000000080028b        0x0 ../../FreeRTOS/Source/queue.o
 .bss           0x000000000080028b        0x0 ../../FreeRTOS/Source/list.o
 .bss           0x000000000080028b       0x3a ../../FreeRTOS/Source/croutine.o
                0x000000000080028b                pxCurrentCoRoutine
 .bss           0x00000000008002c5     0x1802 ../../FreeRTOS/Source/heap_1.o
 .bss           0x0000000000801ac7        0x0 ../../FreeRTOS/Source/port.o
 .bss           0x0000000000801ac7        0x0 usart.o
 .bss           0x0000000000801ac7        0x0 protocol.o
 .bss           0x0000000000801ac7        0x0 Components/Battery/Battery.o
 .bss           0x0000000000801ac7        0x0 Components/Brake/Brake.o
 .bss           0x0000000000801ac7        0x0 Components/Error/Error.o
 .bss           0x0000000000801ac7        0x0 Components/FNR/FNR.o
 .bss           0x0000000000801ac7        0x0 Components/Lights/Lights.o
 .bss           0x0000000000801ac7       0x10 Components/Sonar/Sonar.o
 .bss           0x0000000000801ad7        0x0 Components/Speed/Speed.o
 .bss           0x0000000000801ad7        0x0 Components/Steering/Steering.o
 .bss           0x0000000000801ad7        0x0 spi.o
 .bss           0x0000000000801ad7       0x86 ADC.o
 .bss           0x0000000000801b5d        0x0 /usr/lib/gcc/avr/4.8.2/avr6/libgcc.a(_exit.o)
 .bss           0x0000000000801b5d        0x0 /usr/lib/gcc/avr/4.8.2/avr6/libgcc.a(_tablejump.o)
 .bss           0x0000000000801b5d        0x0 /usr/lib/gcc/avr/4.8.2/avr6/libgcc.a(_copy_data.o)
 .bss           0x0000000000801b5d        0x0 /usr/lib/gcc/avr/4.8.2/avr6/libgcc.a(_clear_bss.o)
 .bss           0x0000000000801b5d        0x0 /usr/lib/gcc/avr/4.8.2/../../../../avr/lib/avr6/libc.a(memcpy.o)
 .bss           0x0000000000801b5d        0x0 /usr/lib/gcc/avr/4.8.2/../../../../avr/lib/avr6/libc.a(memset.o)
 .bss           0x0000000000801b5d        0x0 /usr/lib/gcc/avr/4.8.2/../../../../avr/lib/avr6/libc.a(strncpy.o)
 .bss           0x0000000000801b5d        0x0 /usr/lib/gcc/avr/4.8.2/../../../../avr/lib/avr6/libc.a(itoa.o)
 .bss           0x0000000000801b5d        0x0 /usr/lib/gcc/avr/4.8.2/../../../../avr/lib/avr6/libc.a(strrev.o)
 .bss           0x0000000000801b5d        0x0 /usr/lib/gcc/avr/4.8.2/avr6/libgcc.a(_udivmodhi4.o)
 *(.bss*)
 *(COMMON)
 COMMON         0x0000000000801b5d        0x2 main.o
                0x0000000000801b5d                sonarTime
 COMMON         0x0000000000801b5f        0x6 usart.o
                0x0000000000801b5f                USART_ReadQueue
                0x0000000000801b61                USART_WriteQueueLog
                0x0000000000801b63                USART_WriteQueue
 COMMON         0x0000000000801b65        0xe Components/Sonar/Sonar.o
                0x0000000000801b65                sonarSemaphore
                0x0000000000801b67                sonarDataMutex
                0x0000000000801b73                PROVIDE (__bss_end, .)
                0x0000000000004ffc                __data_load_start = LOADADDR (.data)
                0x000000000000502c                __data_load_end = (__data_load_start + SIZEOF (.data))

.noinit         0x0000000000801b73        0x0
                0x0000000000801b73                PROVIDE (__noinit_start, .)
 *(.noinit*)
                0x0000000000801b73                PROVIDE (__noinit_end, .)
                0x0000000000801b73                _end = .
                0x0000000000801b73                PROVIDE (__heap_start, .)

.eeprom         0x0000000000810000        0x0
 *(.eeprom*)
                0x0000000000810000                __eeprom_end = .

.fuse
 *(.fuse)
 *(.lfuse)
 *(.hfuse)
 *(.efuse)

.lock
 *(.lock*)

.signature
 *(.signature*)

.stab           0x0000000000000000     0xc3fc
 *(.stab)
 .stab          0x0000000000000000      0x6e4 /usr/lib/gcc/avr/4.8.2/../../../../avr/lib/avr6/crtm2560.o
 .stab          0x00000000000006e4     0x10a4 main.o
                                       0x10b0 (size before relaxing)
 .stab          0x0000000000001788     0x2124 ../../FreeRTOS/Source/tasks.o
                                       0x24b4 (size before relaxing)
 .stab          0x00000000000038ac     0x1674 ../../FreeRTOS/Source/queue.o
                                       0x18e4 (size before relaxing)
 .stab          0x0000000000004f20      0x6e4 ../../FreeRTOS/Source/list.o
                                        0x9cc (size before relaxing)
 .stab          0x0000000000005604      0xbc4 ../../FreeRTOS/Source/croutine.o
                                        0xeb8 (size before relaxing)
 .stab          0x00000000000061c8      0x528 ../../FreeRTOS/Source/heap_1.o
                                        0x888 (size before relaxing)
 .stab          0x00000000000066f0      0xb1c ../../FreeRTOS/Source/port.o
                                        0xe70 (size before relaxing)
 .stab          0x000000000000720c     0x12f0 usart.o
                                       0x1578 (size before relaxing)
 .stab          0x00000000000084fc      0x900 protocol.o
                                        0x948 (size before relaxing)
 .stab          0x0000000000008dfc      0x33c Components/Battery/Battery.o
                                        0x348 (size before relaxing)
 .stab          0x0000000000009138      0x330 Components/Brake/Brake.o
                                        0x33c (size before relaxing)
 .stab          0x0000000000009468      0x264 Components/Error/Error.o
                                        0x270 (size before relaxing)
 .stab          0x00000000000096cc      0x57c Components/FNR/FNR.o
                                        0x744 (size before relaxing)
 .stab          0x0000000000009c48      0x330 Components/Lights/Lights.o
                                        0x4f8 (size before relaxing)
 .stab          0x0000000000009f78      0x924 Components/Sonar/Sonar.o
                                        0xbac (size before relaxing)
 .stab          0x000000000000a89c      0x540 Components/Speed/Speed.o
                                        0x708 (size before relaxing)
 .stab          0x000000000000addc      0x480 Components/Steering/Steering.o
                                        0x48c (size before relaxing)
 .stab          0x000000000000b25c      0x510 spi.o
                                        0x75c (size before relaxing)
 .stab          0x000000000000b76c      0x84c ADC.o
                                        0xae0 (size before relaxing)
 .stab          0x000000000000bfb8       0x84 /usr/lib/gcc/avr/4.8.2/../../../../avr/lib/avr6/libc.a(memcpy.o)
                                         0x90 (size before relaxing)
 .stab          0x000000000000c03c       0x6c /usr/lib/gcc/avr/4.8.2/../../../../avr/lib/avr6/libc.a(memset.o)
                                         0x78 (size before relaxing)
 .stab          0x000000000000c0a8       0xcc /usr/lib/gcc/avr/4.8.2/../../../../avr/lib/avr6/libc.a(strncpy.o)
                                         0xd8 (size before relaxing)
 .stab          0x000000000000c174      0x1b0 /usr/lib/gcc/avr/4.8.2/../../../../avr/lib/avr6/libc.a(itoa.o)
                                        0x1bc (size before relaxing)
 .stab          0x000000000000c324       0xd8 /usr/lib/gcc/avr/4.8.2/../../../../avr/lib/avr6/libc.a(strrev.o)
                                         0xe4 (size before relaxing)

.stabstr        0x0000000000000000     0x4757
 *(.stabstr)
 .stabstr       0x0000000000000000     0x4757 /usr/lib/gcc/avr/4.8.2/../../../../avr/lib/avr6/crtm2560.o

.stab.excl
 *(.stab.excl)

.stab.exclstr
 *(.stab.exclstr)

.stab.index
 *(.stab.index)

.stab.indexstr
 *(.stab.indexstr)

.comment        0x0000000000000000       0x11
 *(.comment)
 .comment       0x0000000000000000       0x11 main.o
                                         0x12 (size before relaxing)
 .comment       0x0000000000000000       0x12 ../../FreeRTOS/Source/tasks.o
 .comment       0x0000000000000000       0x12 ../../FreeRTOS/Source/queue.o
 .comment       0x0000000000000000       0x12 ../../FreeRTOS/Source/list.o
 .comment       0x0000000000000000       0x12 ../../FreeRTOS/Source/croutine.o
 .comment       0x0000000000000000       0x12 ../../FreeRTOS/Source/heap_1.o
 .comment       0x0000000000000000       0x12 ../../FreeRTOS/Source/port.o
 .comment       0x0000000000000000       0x12 usart.o
 .comment       0x0000000000000000       0x12 protocol.o
 .comment       0x0000000000000000       0x12 Components/Battery/Battery.o
 .comment       0x0000000000000000       0x12 Components/Brake/Brake.o
 .comment       0x0000000000000000       0x12 Components/Error/Error.o
 .comment       0x0000000000000000       0x12 Components/FNR/FNR.o
 .comment       0x0000000000000000       0x12 Components/Lights/Lights.o
 .comment       0x0000000000000000       0x12 Components/Sonar/Sonar.o
 .comment       0x0000000000000000       0x12 Components/Speed/Speed.o
 .comment       0x0000000000000000       0x12 Components/Steering/Steering.o
 .comment       0x0000000000000000       0x12 spi.o
 .comment       0x0000000000000000       0x12 ADC.o

.note.gnu.build-id
 *(.note.gnu.build-id)

.debug
 *(.debug)

.line
 *(.line)

.debug_srcinfo
 *(.debug_srcinfo)

.debug_sfnames
 *(.debug_sfnames)

.debug_aranges
 *(.debug_aranges)

.debug_pubnames
 *(.debug_pubnames)

.debug_info
 *(.debug_info .gnu.linkonce.wi.*)

.debug_abbrev
 *(.debug_abbrev)

.debug_line
 *(.debug_line .debug_line.* .debug_line_end)

.debug_frame
 *(.debug_frame)

.debug_str
 *(.debug_str)

.debug_loc
 *(.debug_loc)

.debug_macinfo
 *(.debug_macinfo)

.debug_weaknames
 *(.debug_weaknames)

.debug_funcnames
 *(.debug_funcnames)

.debug_typenames
 *(.debug_typenames)

.debug_varnames
 *(.debug_varnames)

.debug_pubtypes
 *(.debug_pubtypes)

.debug_ranges
 *(.debug_ranges)

.debug_macro
 *(.debug_macro)
OUTPUT(rtosdemo.elf elf32-avr)
LOAD linker stubs

Cross Reference Table

Symbol                                            File
ADCStart                                          ADC.o
FNRForward                                        Components/FNR/FNR.o
FNRNeutral                                        Components/FNR/FNR.o
FNRReverse                                        Components/FNR/FNR.o
SPIsendByte                                       spi.o
                                                  Components/Speed/Speed.o
SPIsendShort                                      spi.o
                                                  Components/Speed/Speed.o
USART_AddToQueue                                  usart.o
                                                  main.o
USART_GetChar                                     usart.o
USART_Init                                        usart.o
                                                  main.o
USART_LogChar                                     usart.o
USART_LogString                                   usart.o
USART_Read                                        usart.o
USART_ReadQueue                                   usart.o
USART_TransmitString                              usart.o
USART_Write                                       usart.o
                                                  main.o
USART_WriteQueue                                  usart.o
USART_WriteQueueLog                               usart.o
USART_Write_Unprotected                           usart.o
__bad_interrupt                                   /usr/lib/gcc/avr/4.8.2/../../../../avr/lib/avr6/crtm2560.o
__bss_end                                         /usr/lib/gcc/avr/4.8.2/avr6/libgcc.a(_clear_bss.o)
__bss_start                                       /usr/lib/gcc/avr/4.8.2/avr6/libgcc.a(_clear_bss.o)
__data_end                                        /usr/lib/gcc/avr/4.8.2/avr6/libgcc.a(_copy_data.o)
__data_load_start                                 /usr/lib/gcc/avr/4.8.2/avr6/libgcc.a(_copy_data.o)
__data_start                                      /usr/lib/gcc/avr/4.8.2/avr6/libgcc.a(_copy_data.o)
__do_clear_bss                                    /usr/lib/gcc/avr/4.8.2/avr6/libgcc.a(_clear_bss.o)
                                                  ADC.o
                                                  Components/Sonar/Sonar.o
                                                  usart.o
                                                  ../../FreeRTOS/Source/heap_1.o
                                                  ../../FreeRTOS/Source/croutine.o
                                                  ../../FreeRTOS/Source/tasks.o
                                                  main.o
__do_copy_data                                    /usr/lib/gcc/avr/4.8.2/avr6/libgcc.a(_copy_data.o)
                                                  spi.o
                                                  Components/Sonar/Sonar.o
                                                  ../../FreeRTOS/Source/tasks.o
                                                  main.o
__heap_end                                        /usr/lib/gcc/avr/4.8.2/../../../../avr/lib/avr6/crtm2560.o
__init                                            /usr/lib/gcc/avr/4.8.2/../../../../avr/lib/avr6/crtm2560.o
__stack                                           /usr/lib/gcc/avr/4.8.2/../../../../avr/lib/avr6/crtm2560.o
__tablejump2__                                    /usr/lib/gcc/avr/4.8.2/avr6/libgcc.a(_tablejump.o)
                                                  protocol.o
__tablejump__                                     /usr/lib/gcc/avr/4.8.2/avr6/libgcc.a(_tablejump.o)
__udivmodhi4                                      /usr/lib/gcc/avr/4.8.2/avr6/libgcc.a(_udivmodhi4.o)
                                                  /usr/lib/gcc/avr/4.8.2/../../../../avr/lib/avr6/libc.a(itoa.o)
__vector_1                                        /usr/lib/gcc/avr/4.8.2/../../../../avr/lib/avr6/crtm2560.o
__vector_10                                       /usr/lib/gcc/avr/4.8.2/../../../../avr/lib/avr6/crtm2560.o
__vector_11                                       Components/Sonar/Sonar.o
                                                  /usr/lib/gcc/avr/4.8.2/../../../../avr/lib/avr6/crtm2560.o
__vector_12                                       /usr/lib/gcc/avr/4.8.2/../../../../avr/lib/avr6/crtm2560.o
__vector_13                                       /usr/lib/gcc/avr/4.8.2/../../../../avr/lib/avr6/crtm2560.o
__vector_14                                       /usr/lib/gcc/avr/4.8.2/../../../../avr/lib/avr6/crtm2560.o
__vector_15                                       /usr/lib/gcc/avr/4.8.2/../../../../avr/lib/avr6/crtm2560.o
__vector_16                                       /usr/lib/gcc/avr/4.8.2/../../../../avr/lib/avr6/crtm2560.o
__vector_17                                       /usr/lib/gcc/avr/4.8.2/../../../../avr/lib/avr6/crtm2560.o
__vector_18                                       /usr/lib/gcc/avr/4.8.2/../../../../avr/lib/avr6/crtm2560.o
__vector_19                                       /usr/lib/gcc/avr/4.8.2/../../../../avr/lib/avr6/crtm2560.o
__vector_2                                        /usr/lib/gcc/avr/4.8.2/../../../../avr/lib/avr6/crtm2560.o
__vector_20                                       /usr/lib/gcc/avr/4.8.2/../../../../avr/lib/avr6/crtm2560.o
__vector_21                                       /usr/lib/gcc/avr/4.8.2/../../../../avr/lib/avr6/crtm2560.o
__vector_22                                       /usr/lib/gcc/avr/4.8.2/../../../../avr/lib/avr6/crtm2560.o
__vector_23                                       /usr/lib/gcc/avr/4.8.2/../../../../avr/lib/avr6/crtm2560.o
__vector_24                                       /usr/lib/gcc/avr/4.8.2/../../../../avr/lib/avr6/crtm2560.o
__vector_25                                       /usr/lib/gcc/avr/4.8.2/../../../../avr/lib/avr6/crtm2560.o
__vector_26                                       /usr/lib/gcc/avr/4.8.2/../../../../avr/lib/avr6/crtm2560.o
__vector_27                                       /usr/lib/gcc/avr/4.8.2/../../../../avr/lib/avr6/crtm2560.o
__vector_28                                       /usr/lib/gcc/avr/4.8.2/../../../../avr/lib/avr6/crtm2560.o
__vector_29                                       ADC.o
                                                  /usr/lib/gcc/avr/4.8.2/../../../../avr/lib/avr6/crtm2560.o
__vector_3                                        /usr/lib/gcc/avr/4.8.2/../../../../avr/lib/avr6/crtm2560.o
__vector_30                                       /usr/lib/gcc/avr/4.8.2/../../../../avr/lib/avr6/crtm2560.o
__vector_31                                       /usr/lib/gcc/avr/4.8.2/../../../../avr/lib/avr6/crtm2560.o
__vector_32                                       ../../FreeRTOS/Source/port.o
                                                  /usr/lib/gcc/avr/4.8.2/../../../../avr/lib/avr6/crtm2560.o
__vector_33                                       /usr/lib/gcc/avr/4.8.2/../../../../avr/lib/avr6/crtm2560.o
__vector_34                                       /usr/lib/gcc/avr/4.8.2/../../../../avr/lib/avr6/crtm2560.o
__vector_35                                       /usr/lib/gcc/avr/4.8.2/../../../../avr/lib/avr6/crtm2560.o
__vector_36                                       usart.o
                                                  /usr/lib/gcc/avr/4.8.2/../../../../avr/lib/avr6/crtm2560.o
__vector_37                                       /usr/lib/gcc/avr/4.8.2/../../../../avr/lib/avr6/crtm2560.o
__vector_38                                       /usr/lib/gcc/avr/4.8.2/../../../../avr/lib/avr6/crtm2560.o
__vector_39                                       /usr/lib/gcc/avr/4.8.2/../../../../avr/lib/avr6/crtm2560.o
__vector_4                                        /usr/lib/gcc/avr/4.8.2/../../../../avr/lib/avr6/crtm2560.o
__vector_40                                       /usr/lib/gcc/avr/4.8.2/../../../../avr/lib/avr6/crtm2560.o
__vector_41                                       /usr/lib/gcc/avr/4.8.2/../../../../avr/lib/avr6/crtm2560.o
__vector_42                                       /usr/lib/gcc/avr/4.8.2/../../../../avr/lib/avr6/crtm2560.o
__vector_43                                       /usr/lib/gcc/avr/4.8.2/../../../../avr/lib/avr6/crtm2560.o
__vector_44                                       /usr/lib/gcc/avr/4.8.2/../../../../avr/lib/avr6/crtm2560.o
__vector_45                                       /usr/lib/gcc/avr/4.8.2/../../../../avr/lib/avr6/crtm2560.o
__vector_46                                       /usr/lib/gcc/avr/4.8.2/../../../../avr/lib/avr6/crtm2560.o
__vector_47                                       /usr/lib/gcc/avr/4.8.2/../../../../avr/lib/avr6/crtm2560.o
__vector_48                                       /usr/lib/gcc/avr/4.8.2/../../../../avr/lib/avr6/crtm2560.o
__vector_49                                       /usr/lib/gcc/avr/4.8.2/../../../../avr/lib/avr6/crtm2560.o
__vector_5                                        /usr/lib/gcc/avr/4.8.2/../../../../avr/lib/avr6/crtm2560.o
__vector_50                                       main.o
                                                  /usr/lib/gcc/avr/4.8.2/../../../../avr/lib/avr6/crtm2560.o
__vector_51                                       /usr/lib/gcc/avr/4.8.2/../../../../avr/lib/avr6/crtm2560.o
__vector_52                                       /usr/lib/gcc/avr/4.8.2/../../../../avr/lib/avr6/crtm2560.o
__vector_53                                       /usr/lib/gcc/avr/4.8.2/../../../../avr/lib/avr6/crtm2560.o
__vector_54                                       /usr/lib/gcc/avr/4.8.2/../../../../avr/lib/avr6/crtm2560.o
__vector_55                                       /usr/lib/gcc/avr/4.8.2/../../../../avr/lib/avr6/crtm2560.o
__vector_56                                       /usr/lib/gcc/avr/4.8.2/../../../../avr/lib/avr6/crtm2560.o
__vector_6                                        /usr/lib/gcc/avr/4.8.2/../../../../avr/lib/avr6/crtm2560.o
__vector_7                                        /usr/lib/gcc/avr/4.8.2/../../../../avr/lib/avr6/crtm2560.o
__vector_8                                        /usr/lib/gcc/avr/4.8.2/../../../../avr/lib/avr6/crtm2560.o
__vector_9                                        /usr/lib/gcc/avr/4.8.2/../../../../avr/lib/avr6/crtm2560.o
__vector_default                                  /usr/lib/gcc/avr/4.8.2/../../../../avr/lib/avr6/crtm2560.o
__vectors                                         /usr/lib/gcc/avr/4.8.2/../../../../avr/lib/avr6/crtm2560.o
_exit                                             /usr/lib/gcc/avr/4.8.2/avr6/libgcc.a(_exit.o)
addADCDevice                                      ADC.o
                                                  Components/Sonar/Sonar.o
calcChecksum                                      usart.o
changePID                                         Components/Steering/Steering.o
                                                  protocol.o
commandIntegCheck                                 protocol.o
count                                             main.o
decrementPot                                      Components/Speed/Speed.o
delay                                             usart.o
exit                                              /usr/lib/gcc/avr/4.8.2/avr6/libgcc.a(_exit.o)
                                                  /usr/lib/gcc/avr/4.8.2/../../../../avr/lib/avr6/crtm2560.o
getAllSensors                                     Components/Sonar/Sonar.o
                                                  protocol.o
getAngle                                          Components/Steering/Steering.o
                                                  protocol.o
getBatteryVoltage                                 Components/Battery/Battery.o
                                                  protocol.o
getBrake                                          Components/Brake/Brake.o
                                                  protocol.o
getCertainSensor                                  Components/Sonar/Sonar.o
                                                  protocol.o
getDesiredAngle                                   Components/Steering/Steering.o
                                                  protocol.o
getFNR                                            Components/FNR/FNR.o
                                                  protocol.o
getSensorGroup                                    Components/Sonar/Sonar.o
                                                  protocol.o
getSonarData                                      Components/Sonar/Sonar.o
                                                  main.o
getSpeed                                          Components/Speed/Speed.o
                                                  protocol.o
getSteeringVoltage                                Components/Battery/Battery.o
                                                  protocol.o
getTimerCount                                     Components/Sonar/Sonar.o
getTimerCount2                                    main.o
incrementPot                                      Components/Speed/Speed.o
initADC                                           ADC.o
initSpeedController                               Components/Speed/Speed.o
                                                  main.o
initializeSPI                                     spi.o
                                                  main.o
initializeSonarSensors                            Components/Sonar/Sonar.o
itoa                                              /usr/lib/gcc/avr/4.8.2/../../../../avr/lib/avr6/libc.a(itoa.o)
                                                  main.o
main                                              main.o
                                                  /usr/lib/gcc/avr/4.8.2/../../../../avr/lib/avr6/crtm2560.o
memcpy                                            /usr/lib/gcc/avr/4.8.2/../../../../avr/lib/avr6/libc.a(memcpy.o)
                                                  ../../FreeRTOS/Source/queue.o
memset                                            /usr/lib/gcc/avr/4.8.2/../../../../avr/lib/avr6/libc.a(memset.o)
                                                  ../../FreeRTOS/Source/tasks.o
                                                  main.o
potValue                                          main.o
printHex                                          main.o
printNum                                          main.o
processBatteryCommand                             protocol.o
processBrakeCommand                               protocol.o
processCommand                                    protocol.o
                                                  usart.o
processFNRCommand                                 protocol.o
processLightCommand                               protocol.o
processSpeedCommand                               protocol.o
processSteeringCommand                            protocol.o
processUltrasonicCommand                          protocol.o
pvPortMalloc                                      ../../FreeRTOS/Source/heap_1.o
                                                  ../../FreeRTOS/Source/croutine.o
                                                  ../../FreeRTOS/Source/queue.o
                                                  ../../FreeRTOS/Source/tasks.o
pxCurrentCoRoutine                                ../../FreeRTOS/Source/croutine.o
pxCurrentTCB                                      ../../FreeRTOS/Source/tasks.o
                                                  ../../FreeRTOS/Source/port.o
pxPortInitialiseStack                             ../../FreeRTOS/Source/port.o
                                                  ../../FreeRTOS/Source/tasks.o
recievePayload                                    usart.o
sendACK                                           usart.o
sendNACK                                          usart.o
sendResponse                                      usart.o
setAngle                                          Components/Steering/Steering.o
                                                  protocol.o
setBrake                                          Components/Brake/Brake.o
                                                  protocol.o
setFNR                                            Components/FNR/FNR.o
                                                  protocol.o
setLight                                          Components/Lights/Lights.o
                                                  protocol.o
setLimits                                         Components/Steering/Steering.o
                                                  protocol.o
setPot                                            Components/Speed/Speed.o
                                                  main.o
setSonarData                                      Components/Sonar/Sonar.o
setSpeed                                          Components/Speed/Speed.o
                                                  protocol.o
sonarADCHandler                                   Components/Sonar/Sonar.o
sonarDataMutex                                    Components/Sonar/Sonar.o
sonarSemaphore                                    Components/Sonar/Sonar.o
sonarTime                                         main.o
strncpy                                           /usr/lib/gcc/avr/4.8.2/../../../../avr/lib/avr6/libc.a(strncpy.o)
                                                  ../../FreeRTOS/Source/tasks.o
strrev                                            /usr/lib/gcc/avr/4.8.2/../../../../avr/lib/avr6/libc.a(strrev.o)
                                                  /usr/lib/gcc/avr/4.8.2/../../../../avr/lib/avr6/libc.a(itoa.o)
uxListRemove                                      ../../FreeRTOS/Source/list.o
                                                  ../../FreeRTOS/Source/croutine.o
                                                  ../../FreeRTOS/Source/tasks.o
uxQueueMessagesWaiting                            ../../FreeRTOS/Source/queue.o
uxQueueMessagesWaitingFromISR                     ../../FreeRTOS/Source/queue.o
uxTaskGetNumberOfTasks                            ../../FreeRTOS/Source/tasks.o
uxTaskGetStackHighWaterMark                       ../../FreeRTOS/Source/tasks.o
vApplicationStackOverflowHook                     main.o
                                                  ../../FreeRTOS/Source/tasks.o
vApplicationTickHook                              main.o
vCoRoutineAddToDelayedList                        ../../FreeRTOS/Source/croutine.o
vCoRoutineSchedule                                ../../FreeRTOS/Source/croutine.o
vIO_init                                          main.o
vListInitialise                                   ../../FreeRTOS/Source/list.o
                                                  ../../FreeRTOS/Source/croutine.o
                                                  ../../FreeRTOS/Source/queue.o
                                                  ../../FreeRTOS/Source/tasks.o
vListInitialiseItem                               ../../FreeRTOS/Source/list.o
                                                  ../../FreeRTOS/Source/croutine.o
                                                  ../../FreeRTOS/Source/tasks.o
vListInsert                                       ../../FreeRTOS/Source/list.o
                                                  ../../FreeRTOS/Source/croutine.o
                                                  ../../FreeRTOS/Source/tasks.o
vListInsertEnd                                    ../../FreeRTOS/Source/list.o
                                                  ../../FreeRTOS/Source/croutine.o
                                                  ../../FreeRTOS/Source/tasks.o
vPortEndScheduler                                 ../../FreeRTOS/Source/port.o
                                                  ../../FreeRTOS/Source/tasks.o
vPortFree                                         ../../FreeRTOS/Source/heap_1.o
                                                  ../../FreeRTOS/Source/queue.o
                                                  ../../FreeRTOS/Source/tasks.o
vPortInitialiseBlocks                             ../../FreeRTOS/Source/heap_1.o
vPortYield                                        ../../FreeRTOS/Source/port.o
                                                  ../../FreeRTOS/Source/queue.o
                                                  ../../FreeRTOS/Source/tasks.o
vPortYieldFromTick                                ../../FreeRTOS/Source/port.o
vQueueDelete                                      ../../FreeRTOS/Source/queue.o
vTaskADC                                          ADC.o
                                                  main.o
vTaskDelay                                        ../../FreeRTOS/Source/tasks.o
                                                  ADC.o
                                                  spi.o
                                                  Components/Sonar/Sonar.o
                                                  Components/FNR/FNR.o
                                                  usart.o
                                                  main.o
vTaskDelayUntil                                   ../../FreeRTOS/Source/tasks.o
vTaskEndScheduler                                 ../../FreeRTOS/Source/tasks.o
vTaskFunction_1                                   main.o
vTaskFunction_2                                   main.o
vTaskIncrementTick                                ../../FreeRTOS/Source/tasks.o
                                                  ../../FreeRTOS/Source/port.o
vTaskMissedYield                                  ../../FreeRTOS/Source/tasks.o
                                                  ../../FreeRTOS/Source/queue.o
vTaskPlaceOnEventList                             ../../FreeRTOS/Source/tasks.o
                                                  ../../FreeRTOS/Source/queue.o
vTaskPot                                          main.o
vTaskPriorityDisinherit                           ../../FreeRTOS/Source/tasks.o
                                                  ../../FreeRTOS/Source/queue.o
vTaskPriorityInherit                              ../../FreeRTOS/Source/tasks.o
                                                  ../../FreeRTOS/Source/queue.o
vTaskResume                                       ../../FreeRTOS/Source/tasks.o
vTaskSetTimeOutState                              ../../FreeRTOS/Source/tasks.o
                                                  ../../FreeRTOS/Source/queue.o
vTaskSonar                                        Components/Sonar/Sonar.o
                                                  main.o
vTaskStartScheduler                               ../../FreeRTOS/Source/tasks.o
                                                  main.o
vTaskSuspend                                      ../../FreeRTOS/Source/tasks.o
vTaskSuspendAll                                   ../../FreeRTOS/Source/tasks.o
                                                  ../../FreeRTOS/Source/heap_1.o
                                                  ../../FreeRTOS/Source/queue.o
vTaskSwitchContext                                ../../FreeRTOS/Source/tasks.o
                                                  ../../FreeRTOS/Source/port.o
vTaskUSARTLog                                     usart.o
vTaskUSARTRead                                    usart.o
                                                  main.o
vTaskUSARTWrite                                   usart.o
waitForAck                                        usart.o
xCoRoutineCreate                                  ../../FreeRTOS/Source/croutine.o
xCoRoutineRemoveFromEventList                     ../../FreeRTOS/Source/croutine.o
xPortGetFreeHeapSize                              ../../FreeRTOS/Source/heap_1.o
xPortStartScheduler                               ../../FreeRTOS/Source/port.o
                                                  ../../FreeRTOS/Source/tasks.o
xQueueCreateMutex                                 ../../FreeRTOS/Source/queue.o
xQueueGenericCreate                               ../../FreeRTOS/Source/queue.o
                                                  ADC.o
                                                  usart.o
xQueueGenericReceive                              ../../FreeRTOS/Source/queue.o
                                                  ADC.o
                                                  usart.o
xQueueGenericReset                                ../../FreeRTOS/Source/queue.o
xQueueGenericSend                                 ../../FreeRTOS/Source/queue.o
                                                  ADC.o
                                                  usart.o
xQueueGenericSendFromISR                          ../../FreeRTOS/Source/queue.o
                                                  ADC.o
                                                  Components/Sonar/Sonar.o
xQueueIsQueueEmptyFromISR                         ../../FreeRTOS/Source/queue.o
xQueueIsQueueFullFromISR                          ../../FreeRTOS/Source/queue.o
xQueueReceiveFromISR                              ../../FreeRTOS/Source/queue.o
xTaskCheckForTimeOut                              ../../FreeRTOS/Source/tasks.o
                                                  ../../FreeRTOS/Source/queue.o
xTaskGenericCreate                                ../../FreeRTOS/Source/tasks.o
                                                  main.o
xTaskGetCurrentTaskHandle                         ../../FreeRTOS/Source/tasks.o
                                                  ../../FreeRTOS/Source/queue.o
xTaskGetTickCount                                 ../../FreeRTOS/Source/tasks.o
                                                  ../../FreeRTOS/Source/croutine.o
xTaskGetTickCountFromISR                          ../../FreeRTOS/Source/tasks.o
xTaskIsTaskSuspended                              ../../FreeRTOS/Source/tasks.o
xTaskRemoveFromEventList                          ../../FreeRTOS/Source/tasks.o
                                                  ../../FreeRTOS/Source/queue.o
xTaskResumeAll                                    ../../FreeRTOS/Source/tasks.o
                                                  ../../FreeRTOS/Source/heap_1.o
                                                  ../../FreeRTOS/Source/queue.o
xTaskResumeFromISR                                ../../FreeRTOS/Source/tasks.o
