   1               		.file	"Sonar.c"
   2               	__SP_H__ = 0x3e
   3               	__SP_L__ = 0x3d
   4               	__SREG__ = 0x3f
   5               	__RAMPZ__ = 0x3b
   6               	__tmp_reg__ = 0
   7               	__zero_reg__ = 1
  10               		.text
  11               	.Ltext0:
 136               		.local	sonarData
 137               		.comm	sonarData,12,1
 141               	.global	setSonarData
 143               	setSonarData:
 144               		.stabd	46,0,0
   1:Components/Sonar/Sonar.c **** // Code to controller the Sonar sensors
   2:Components/Sonar/Sonar.c **** #include "FreeRTOS.h"
   3:Components/Sonar/Sonar.c **** #include "semphr.h"
   4:Components/Sonar/Sonar.c **** #include <avr/interrupt.h>
   5:Components/Sonar/Sonar.c **** #include <avr/io.h>
   6:Components/Sonar/Sonar.c **** 
   7:Components/Sonar/Sonar.c **** #include "../../protocol.h"
   8:Components/Sonar/Sonar.c **** #include "../../ADC.h"
   9:Components/Sonar/Sonar.c **** #include "../../usart.h"
  10:Components/Sonar/Sonar.c **** #include "Sonar.h"
  11:Components/Sonar/Sonar.c **** 
  12:Components/Sonar/Sonar.c **** //xSemaphoreHandle* sonarSemaphore;
  13:Components/Sonar/Sonar.c **** //xSemaphoreHandle* sonarDataMutex[6];
  14:Components/Sonar/Sonar.c **** 
  15:Components/Sonar/Sonar.c **** void sonarADCHandler(int result, void *sonarNum);
  16:Components/Sonar/Sonar.c **** 
  17:Components/Sonar/Sonar.c **** static int sonarData[6];
  18:Components/Sonar/Sonar.c **** 
  19:Components/Sonar/Sonar.c **** void setSonarData(int i,int data){
 146               	.LM0:
 147               	.LFBB1:
 148 0000 CF93      		push r28
 149 0002 DF93      		push r29
 150 0004 00D0      		rcall .
 151 0006 1F92      		push __zero_reg__
 152 0008 CDB7      		in r28,__SP_L__
 153 000a DEB7      		in r29,__SP_H__
 154               	/* prologue: function */
 155               	/* frame size = 4 */
 156               	/* stack size = 6 */
 157               	.L__stack_usage = 6
 158 000c 9A83      		std Y+2,r25
 159 000e 8983      		std Y+1,r24
 160 0010 7C83      		std Y+4,r23
 161 0012 6B83      		std Y+3,r22
  20:Components/Sonar/Sonar.c ****    //xSemaphoreTake(sonarDataMutex[i],portMAX_DELAY);
  21:Components/Sonar/Sonar.c ****    sonarData[i] = data;
 163               	.LM1:
 164 0014 8981      		ldd r24,Y+1
 165 0016 9A81      		ldd r25,Y+2
 166 0018 880F      		lsl r24
 167 001a 991F      		rol r25
 168 001c 8050      		subi r24,lo8(-(sonarData))
 169 001e 9040      		sbci r25,hi8(-(sonarData))
 170 0020 2B81      		ldd r18,Y+3
 171 0022 3C81      		ldd r19,Y+4
 172 0024 FC01      		movw r30,r24
 173 0026 3183      		std Z+1,r19
 174 0028 2083      		st Z,r18
 175               	/* epilogue start */
  22:Components/Sonar/Sonar.c ****    //xSemaphoreGive(sonarDataMutex[i]);
  23:Components/Sonar/Sonar.c **** }
 177               	.LM2:
 178 002a 0F90      		pop __tmp_reg__
 179 002c 0F90      		pop __tmp_reg__
 180 002e 0F90      		pop __tmp_reg__
 181 0030 0F90      		pop __tmp_reg__
 182 0032 DF91      		pop r29
 183 0034 CF91      		pop r28
 184 0036 0895      		ret
 186               	.Lscope1:
 188               		.stabd	78,0,0
 191               	.global	getSonarData
 193               	getSonarData:
 194               		.stabd	46,0,0
  24:Components/Sonar/Sonar.c **** 
  25:Components/Sonar/Sonar.c **** int getSonarData(int i){
 196               	.LM3:
 197               	.LFBB2:
 198 0038 CF93      		push r28
 199 003a DF93      		push r29
 200 003c 1F92      		push __zero_reg__
 201 003e 1F92      		push __zero_reg__
 202 0040 CDB7      		in r28,__SP_L__
 203 0042 DEB7      		in r29,__SP_H__
 204               	/* prologue: function */
 205               	/* frame size = 2 */
 206               	/* stack size = 4 */
 207               	.L__stack_usage = 4
 208 0044 9A83      		std Y+2,r25
 209 0046 8983      		std Y+1,r24
  26:Components/Sonar/Sonar.c ****    //xSemaphoreTake(sonarDataMutex[i],portMAX_DELAY);
  27:Components/Sonar/Sonar.c ****    return sonarData[i];
 211               	.LM4:
 212 0048 8981      		ldd r24,Y+1
 213 004a 9A81      		ldd r25,Y+2
 214 004c 880F      		lsl r24
 215 004e 991F      		rol r25
 216 0050 8050      		subi r24,lo8(-(sonarData))
 217 0052 9040      		sbci r25,hi8(-(sonarData))
 218 0054 FC01      		movw r30,r24
 219 0056 8081      		ld r24,Z
 220 0058 9181      		ldd r25,Z+1
 221               	/* epilogue start */
  28:Components/Sonar/Sonar.c ****    //xSemaphoreGive(sonarDataMutex[i]);
  29:Components/Sonar/Sonar.c **** }
 223               	.LM5:
 224 005a 0F90      		pop __tmp_reg__
 225 005c 0F90      		pop __tmp_reg__
 226 005e DF91      		pop r29
 227 0060 CF91      		pop r28
 228 0062 0895      		ret
 230               	.Lscope2:
 232               		.stabd	78,0,0
 236               	.global	sonarADCHandler
 238               	sonarADCHandler:
 239               		.stabd	46,0,0
  30:Components/Sonar/Sonar.c **** 
  31:Components/Sonar/Sonar.c **** void sonarADCHandler(int result,void *sonarNum){
 241               	.LM6:
 242               	.LFBB3:
 243 0064 CF93      		push r28
 244 0066 DF93      		push r29
 245 0068 00D0      		rcall .
 246 006a 1F92      		push __zero_reg__
 247 006c CDB7      		in r28,__SP_L__
 248 006e DEB7      		in r29,__SP_H__
 249               	/* prologue: function */
 250               	/* frame size = 4 */
 251               	/* stack size = 6 */
 252               	.L__stack_usage = 6
 253 0070 9A83      		std Y+2,r25
 254 0072 8983      		std Y+1,r24
 255 0074 7C83      		std Y+4,r23
 256 0076 6B83      		std Y+3,r22
  32:Components/Sonar/Sonar.c **** 
  33:Components/Sonar/Sonar.c **** 	setSonarData(*((int *)sonarNum),result);
 258               	.LM7:
 259 0078 8B81      		ldd r24,Y+3
 260 007a 9C81      		ldd r25,Y+4
 261 007c FC01      		movw r30,r24
 262 007e 8081      		ld r24,Z
 263 0080 9181      		ldd r25,Z+1
 264 0082 2981      		ldd r18,Y+1
 265 0084 3A81      		ldd r19,Y+2
 266 0086 B901      		movw r22,r18
 267 0088 0E94 0000 		call setSonarData
 268               	/* epilogue start */
  34:Components/Sonar/Sonar.c **** 
  35:Components/Sonar/Sonar.c **** }
 270               	.LM8:
 271 008c 0F90      		pop __tmp_reg__
 272 008e 0F90      		pop __tmp_reg__
 273 0090 0F90      		pop __tmp_reg__
 274 0092 0F90      		pop __tmp_reg__
 275 0094 DF91      		pop r29
 276 0096 CF91      		pop r28
 277 0098 0895      		ret
 279               	.Lscope3:
 281               		.stabd	78,0,0
 283               	.global	initializeSonarSensors
 285               	initializeSonarSensors:
 286               		.stabd	46,0,0
  36:Components/Sonar/Sonar.c **** 
  37:Components/Sonar/Sonar.c **** void initializeSonarSensors(){
 288               	.LM9:
 289               	.LFBB4:
 290 009a CF93      		push r28
 291 009c DF93      		push r29
 292 009e CDB7      		in r28,__SP_L__
 293 00a0 DEB7      		in r29,__SP_H__
 294               	/* prologue: function */
 295               	/* frame size = 0 */
 296               	/* stack size = 2 */
 297               	.L__stack_usage = 2
 298               	/* epilogue start */
  38:Components/Sonar/Sonar.c **** 
  39:Components/Sonar/Sonar.c **** 	//addADCDevice(0,ADC_OPT_PRECISION_HIGH,sonarADCHandler,&sonarNum0);			
  40:Components/Sonar/Sonar.c **** 	//addADCDevice(12,ADC_OPT_PRECISION_HIGH,sonarADCHandler,&sonarNum1);			
  41:Components/Sonar/Sonar.c **** 	//addADCDevice(15,ADC_OPT_PRECISION_HIGH,sonarADCHandler,&sonarNum2);			
  42:Components/Sonar/Sonar.c **** 
  43:Components/Sonar/Sonar.c **** }
 300               	.LM10:
 301 00a2 DF91      		pop r29
 302 00a4 CF91      		pop r28
 303 00a6 0895      		ret
 305               	.Lscope4:
 307               		.stabd	78,0,0
 310               	.global	getAllSensors
 312               	getAllSensors:
 313               		.stabd	46,0,0
  44:Components/Sonar/Sonar.c **** 
  45:Components/Sonar/Sonar.c **** char getAllSensors(int* responseData){
 315               	.LM11:
 316               	.LFBB5:
 317 00a8 CF93      		push r28
 318 00aa DF93      		push r29
 319 00ac 00D0      		rcall .
 320 00ae 1F92      		push __zero_reg__
 321 00b0 CDB7      		in r28,__SP_L__
 322 00b2 DEB7      		in r29,__SP_H__
 323               	/* prologue: function */
 324               	/* frame size = 4 */
 325               	/* stack size = 6 */
 326               	.L__stack_usage = 6
 327 00b4 9C83      		std Y+4,r25
 328 00b6 8B83      		std Y+3,r24
  46:Components/Sonar/Sonar.c ****    unsigned short i;
  47:Components/Sonar/Sonar.c ****    for(i=0;i<6;i++){
 330               	.LM12:
 331 00b8 1A82      		std Y+2,__zero_reg__
 332 00ba 1982      		std Y+1,__zero_reg__
 333 00bc 00C0      		rjmp .L7
 334               	.L8:
  48:Components/Sonar/Sonar.c ****       //responseData[i] = getSonarData(i);
  49:Components/Sonar/Sonar.c ****       responseData[i] = i+1;
 336               	.LM13:
 337 00be 8981      		ldd r24,Y+1
 338 00c0 9A81      		ldd r25,Y+2
 339 00c2 880F      		lsl r24
 340 00c4 991F      		rol r25
 341 00c6 2B81      		ldd r18,Y+3
 342 00c8 3C81      		ldd r19,Y+4
 343 00ca 820F      		add r24,r18
 344 00cc 931F      		adc r25,r19
 345 00ce 2981      		ldd r18,Y+1
 346 00d0 3A81      		ldd r19,Y+2
 347 00d2 2F5F      		subi r18,-1
 348 00d4 3F4F      		sbci r19,-1
 349 00d6 FC01      		movw r30,r24
 350 00d8 3183      		std Z+1,r19
 351 00da 2083      		st Z,r18
  47:Components/Sonar/Sonar.c ****       //responseData[i] = getSonarData(i);
 353               	.LM14:
 354 00dc 8981      		ldd r24,Y+1
 355 00de 9A81      		ldd r25,Y+2
 356 00e0 0196      		adiw r24,1
 357 00e2 9A83      		std Y+2,r25
 358 00e4 8983      		std Y+1,r24
 359               	.L7:
  47:Components/Sonar/Sonar.c ****       //responseData[i] = getSonarData(i);
 361               	.LM15:
 362 00e6 8981      		ldd r24,Y+1
 363 00e8 9A81      		ldd r25,Y+2
 364 00ea 8630      		cpi r24,6
 365 00ec 9105      		cpc r25,__zero_reg__
 366 00ee 00F0      		brlo .L8
  50:Components/Sonar/Sonar.c ****    }
  51:Components/Sonar/Sonar.c ****    return 1;
 368               	.LM16:
 369 00f0 81E0      		ldi r24,lo8(1)
 370               	/* epilogue start */
  52:Components/Sonar/Sonar.c **** }
 372               	.LM17:
 373 00f2 0F90      		pop __tmp_reg__
 374 00f4 0F90      		pop __tmp_reg__
 375 00f6 0F90      		pop __tmp_reg__
 376 00f8 0F90      		pop __tmp_reg__
 377 00fa DF91      		pop r29
 378 00fc CF91      		pop r28
 379 00fe 0895      		ret
 384               	.Lscope5:
 386               		.stabd	78,0,0
 390               	.global	getCertainSensor
 392               	getCertainSensor:
 393               		.stabd	46,0,0
  53:Components/Sonar/Sonar.c **** 
  54:Components/Sonar/Sonar.c **** char getCertainSensor(unsigned char commandData,int* responseData){
 395               	.LM18:
 396               	.LFBB6:
 397 0100 0F93      		push r16
 398 0102 1F93      		push r17
 399 0104 CF93      		push r28
 400 0106 DF93      		push r29
 401 0108 00D0      		rcall .
 402 010a CDB7      		in r28,__SP_L__
 403 010c DEB7      		in r29,__SP_H__
 404               	/* prologue: function */
 405               	/* frame size = 3 */
 406               	/* stack size = 7 */
 407               	.L__stack_usage = 7
 408 010e 8983      		std Y+1,r24
 409 0110 7B83      		std Y+3,r23
 410 0112 6A83      		std Y+2,r22
  55:Components/Sonar/Sonar.c ****    if(commandData < 6){
 412               	.LM19:
 413 0114 8981      		ldd r24,Y+1
 414 0116 8630      		cpi r24,lo8(6)
 415 0118 00F4      		brsh .L11
  56:Components/Sonar/Sonar.c ****       responseData[commandData] = getSonarData(commandData);
 417               	.LM20:
 418 011a 8981      		ldd r24,Y+1
 419 011c 882F      		mov r24,r24
 420 011e 90E0      		ldi r25,0
 421 0120 880F      		lsl r24
 422 0122 991F      		rol r25
 423 0124 2A81      		ldd r18,Y+2
 424 0126 3B81      		ldd r19,Y+3
 425 0128 8901      		movw r16,r18
 426 012a 080F      		add r16,r24
 427 012c 191F      		adc r17,r25
 428 012e 8981      		ldd r24,Y+1
 429 0130 882F      		mov r24,r24
 430 0132 90E0      		ldi r25,0
 431 0134 0E94 0000 		call getSonarData
 432 0138 F801      		movw r30,r16
 433 013a 9183      		std Z+1,r25
 434 013c 8083      		st Z,r24
 435               	.L11:
  57:Components/Sonar/Sonar.c ****    }
  58:Components/Sonar/Sonar.c ****    return 1;
 437               	.LM21:
 438 013e 81E0      		ldi r24,lo8(1)
 439               	/* epilogue start */
  59:Components/Sonar/Sonar.c **** }
 441               	.LM22:
 442 0140 0F90      		pop __tmp_reg__
 443 0142 0F90      		pop __tmp_reg__
 444 0144 0F90      		pop __tmp_reg__
 445 0146 DF91      		pop r29
 446 0148 CF91      		pop r28
 447 014a 1F91      		pop r17
 448 014c 0F91      		pop r16
 449 014e 0895      		ret
 451               	.Lscope6:
 453               		.stabd	78,0,0
 457               	.global	getSensorGroup
 459               	getSensorGroup:
 460               		.stabd	46,0,0
  60:Components/Sonar/Sonar.c **** 
  61:Components/Sonar/Sonar.c **** char getSensorGroup(char commandData,int* responseData){
 462               	.LM23:
 463               	.LFBB7:
 464 0150 0F93      		push r16
 465 0152 1F93      		push r17
 466 0154 CF93      		push r28
 467 0156 DF93      		push r29
 468 0158 00D0      		rcall .
 469 015a CDB7      		in r28,__SP_L__
 470 015c DEB7      		in r29,__SP_H__
 471               	/* prologue: function */
 472               	/* frame size = 3 */
 473               	/* stack size = 7 */
 474               	.L__stack_usage = 7
 475 015e 8983      		std Y+1,r24
 476 0160 7B83      		std Y+3,r23
 477 0162 6A83      		std Y+2,r22
  62:Components/Sonar/Sonar.c **** 
  63:Components/Sonar/Sonar.c ****    switch(commandData){
 479               	.LM24:
 480 0164 8981      		ldd r24,Y+1
 481 0166 9927      		clr r25
 482 0168 87FD      		sbrc r24,7
 483 016a 9095      		com r25
 484 016c 8130      		cpi r24,1
 485 016e 9105      		cpc r25,__zero_reg__
 486 0170 01F0      		breq .L15
 487 0172 8230      		cpi r24,2
 488 0174 9105      		cpc r25,__zero_reg__
 489 0176 01F0      		breq .L16
 490 0178 0097      		sbiw r24,0
 491 017a 01F0      		breq .+2
 492 017c 00C0      		rjmp .L14
  64:Components/Sonar/Sonar.c ****       case SONAR_GROUP_LEFT:
  65:Components/Sonar/Sonar.c ****          responseData[0] = getSonarData(0);
 494               	.LM25:
 495 017e 80E0      		ldi r24,0
 496 0180 90E0      		ldi r25,0
 497 0182 0E94 0000 		call getSonarData
 498 0186 9C01      		movw r18,r24
 499 0188 8A81      		ldd r24,Y+2
 500 018a 9B81      		ldd r25,Y+3
 501 018c FC01      		movw r30,r24
 502 018e 3183      		std Z+1,r19
 503 0190 2083      		st Z,r18
  66:Components/Sonar/Sonar.c ****          responseData[1] = getSonarData(1);
 505               	.LM26:
 506 0192 8A81      		ldd r24,Y+2
 507 0194 9B81      		ldd r25,Y+3
 508 0196 8C01      		movw r16,r24
 509 0198 0E5F      		subi r16,-2
 510 019a 1F4F      		sbci r17,-1
 511 019c 81E0      		ldi r24,lo8(1)
 512 019e 90E0      		ldi r25,0
 513 01a0 0E94 0000 		call getSonarData
 514 01a4 F801      		movw r30,r16
 515 01a6 9183      		std Z+1,r25
 516 01a8 8083      		st Z,r24
  67:Components/Sonar/Sonar.c ****          break;
 518               	.LM27:
 519 01aa 00C0      		rjmp .L14
 520               	.L15:
  68:Components/Sonar/Sonar.c ****       case SONAR_GROUP_FRONT:
  69:Components/Sonar/Sonar.c ****          responseData[0] = getSonarData(2);
 522               	.LM28:
 523 01ac 82E0      		ldi r24,lo8(2)
 524 01ae 90E0      		ldi r25,0
 525 01b0 0E94 0000 		call getSonarData
 526 01b4 9C01      		movw r18,r24
 527 01b6 8A81      		ldd r24,Y+2
 528 01b8 9B81      		ldd r25,Y+3
 529 01ba FC01      		movw r30,r24
 530 01bc 3183      		std Z+1,r19
 531 01be 2083      		st Z,r18
  70:Components/Sonar/Sonar.c ****          responseData[1] = getSonarData(3);
 533               	.LM29:
 534 01c0 8A81      		ldd r24,Y+2
 535 01c2 9B81      		ldd r25,Y+3
 536 01c4 8C01      		movw r16,r24
 537 01c6 0E5F      		subi r16,-2
 538 01c8 1F4F      		sbci r17,-1
 539 01ca 83E0      		ldi r24,lo8(3)
 540 01cc 90E0      		ldi r25,0
 541 01ce 0E94 0000 		call getSonarData
 542 01d2 F801      		movw r30,r16
 543 01d4 9183      		std Z+1,r25
 544 01d6 8083      		st Z,r24
  71:Components/Sonar/Sonar.c ****          break;
 546               	.LM30:
 547 01d8 00C0      		rjmp .L14
 548               	.L16:
  72:Components/Sonar/Sonar.c ****       case SONAR_GROUP_RIGHT:
  73:Components/Sonar/Sonar.c ****          responseData[0] = getSonarData(4);
 550               	.LM31:
 551 01da 84E0      		ldi r24,lo8(4)
 552 01dc 90E0      		ldi r25,0
 553 01de 0E94 0000 		call getSonarData
 554 01e2 9C01      		movw r18,r24
 555 01e4 8A81      		ldd r24,Y+2
 556 01e6 9B81      		ldd r25,Y+3
 557 01e8 FC01      		movw r30,r24
 558 01ea 3183      		std Z+1,r19
 559 01ec 2083      		st Z,r18
  74:Components/Sonar/Sonar.c ****          responseData[1] = getSonarData(5);
 561               	.LM32:
 562 01ee 8A81      		ldd r24,Y+2
 563 01f0 9B81      		ldd r25,Y+3
 564 01f2 8C01      		movw r16,r24
 565 01f4 0E5F      		subi r16,-2
 566 01f6 1F4F      		sbci r17,-1
 567 01f8 85E0      		ldi r24,lo8(5)
 568 01fa 90E0      		ldi r25,0
 569 01fc 0E94 0000 		call getSonarData
 570 0200 F801      		movw r30,r16
 571 0202 9183      		std Z+1,r25
 572 0204 8083      		st Z,r24
  75:Components/Sonar/Sonar.c ****          break;
 574               	.LM33:
 575 0206 0000      		nop
 576               	.L14:
  76:Components/Sonar/Sonar.c ****    }
  77:Components/Sonar/Sonar.c ****    return 1;
 578               	.LM34:
 579 0208 81E0      		ldi r24,lo8(1)
 580               	/* epilogue start */
  78:Components/Sonar/Sonar.c **** 
  79:Components/Sonar/Sonar.c **** }
 582               	.LM35:
 583 020a 0F90      		pop __tmp_reg__
 584 020c 0F90      		pop __tmp_reg__
 585 020e 0F90      		pop __tmp_reg__
 586 0210 DF91      		pop r29
 587 0212 CF91      		pop r28
 588 0214 1F91      		pop r17
 589 0216 0F91      		pop r16
 590 0218 0895      		ret
 592               	.Lscope7:
 594               		.stabd	78,0,0
 597               	.Letext0:
 598               		.ident	"GCC: (GNU) 4.9.0"
 599               	.global __do_clear_bss
DEFINED SYMBOLS
                            *ABS*:0000000000000000 Sonar.c
     /tmp/ccm2HIWd.s:2      *ABS*:000000000000003e __SP_H__
     /tmp/ccm2HIWd.s:3      *ABS*:000000000000003d __SP_L__
     /tmp/ccm2HIWd.s:4      *ABS*:000000000000003f __SREG__
     /tmp/ccm2HIWd.s:5      *ABS*:000000000000003b __RAMPZ__
     /tmp/ccm2HIWd.s:6      *ABS*:0000000000000000 __tmp_reg__
     /tmp/ccm2HIWd.s:7      *ABS*:0000000000000001 __zero_reg__
                             .bss:0000000000000000 sonarData
     /tmp/ccm2HIWd.s:143    .text:0000000000000000 setSonarData
     /tmp/ccm2HIWd.s:193    .text:0000000000000038 getSonarData
     /tmp/ccm2HIWd.s:238    .text:0000000000000064 sonarADCHandler
     /tmp/ccm2HIWd.s:285    .text:000000000000009a initializeSonarSensors
     /tmp/ccm2HIWd.s:312    .text:00000000000000a8 getAllSensors
     /tmp/ccm2HIWd.s:392    .text:0000000000000100 getCertainSensor
     /tmp/ccm2HIWd.s:459    .text:0000000000000150 getSensorGroup

UNDEFINED SYMBOLS
__do_clear_bss
